// Jest Snapshot v1, https://goo.gl/fbAQLP

exports[`snapwatch test 1`] = `
<section>
  <section
    className="tc bg-light-green dib br3 pa3 ma2 grow bw2 shadow-5"
    id="test"
  >
    <img
      alt="profile"
      src="https://robohash.org/1?200x200"
    />
    <div>
      <h3>
        Test Name
      </h3>
      <span>
        test@test.com
      </span>
    </div>
  </section>
</section>
`;
